22:48:00 **** Build of configuration Debug for project Ex5 ****
make -j8 all 
arm-none-eabi-gcc -o "Ex5.elf" @"objects.list"   -mcpu=cortex-m3 -T"F:\School\year3_sem1\Microprocessor\Lab1\Lab\Lab1\Ex5\STM32F103C6UX_FLASH.ld" --specs=nosys.specs -Wl,-Map="Ex5.map" -Wl,--gc-sections -static --specs=nano.specs -mfloat-abi=soft -mthumb -Wl,--start-group -lc -lm -Wl,--end-group
Finished building target: Ex5.elf
 
arm-none-eabi-size   Ex5.elf 
arm-none-eabi-objdump -h -S  Ex5.elf  > "Ex5.list"
arm-none-eabi-objcopy  -O ihex  Ex5.elf  "Ex5.hex"
arm-none-eabi-objcopy  -O binary  Ex5.elf  "Ex5.bin"
   text	   data	    bss	    dec	    hex	filename
   5332	     20	   1572	   6924	   1b0c	Ex5.elf
Finished building: default.size.stdout
 
Finished building: Ex5.bin
Finished building: Ex5.hex
 
 
Finished building: Ex5.list
 
